controllers\affichierCoursBackController.class
controllers\Back\affichierCertificationController$1.class
controllers\Back\affichierCertificationController.class
controllers\Back\HomeBController.class
controllers\BlogCoursController.class
controllers\Back\addCertificationController.class
controllers\addQuizController.class
controllers\affichierCoursController$1.class
controllers\affichierCertificationControllerB$1.class
controllers\Back\addQuizController$2.class
controllers\addQuizController$1.class
controllers\modifierQuestionController.class
controllers\affichierCertificationController.class
controllers\Back\addQuizController$1.class
controllers\Back\addQuizController.class
controllers\Back\modifierQuizController.class
controllers\Back\addQuestionController.class
controllers\Back\affichierQuizController$1.class
controllers\affichierQuizController.class
org\example\Home.class
controllers\modifierCertificationController.class
controllers\Back\affichierCoursController.class
controllers\BlogDetailsController.class
controllers\addQuizController$2.class
controllers\Back\ModifierCoursController.class
controllers\Back\modifierCertificationController.class
controllers\Back\affichierCoursController$1.class
controllers\Back\affichierQuizController.class
controllers\modifierQuizController.class
controllers\Back\affichierQuestionController$1.class
controllers\affichierQuizController$1.class
controllers\NavbarController.class
controllers\affichierCoursBackController$1.class
controllers\affichierQuestionController.class
controllers\Back\modifierQuestionController.class
controllers\addQuestionController.class
controllers\Back\addCoursController.class
controllers\Back\affichierQuestionController.class
controllers\addCertificationController.class
controllers\affichierCertificationControllerB.class
controllers\affichierCertificationController$1.class
controllers\affichierQuestionController$1.class
