C:\Users\User\Desktop\ProjetJava\src\main\java\controllers\addCertificationController.java
C:\Users\User\Desktop\ProjetJava\src\main\java\controllers\addCoursController.java
C:\Users\User\Desktop\ProjetJava\src\main\java\controllers\addQuestionController.java
C:\Users\User\Desktop\ProjetJava\src\main\java\controllers\addQuizController.java
C:\Users\User\Desktop\ProjetJava\src\main\java\controllers\affichierCertificationController.java
C:\Users\User\Desktop\ProjetJava\src\main\java\controllers\affichierCertificationControllerB.java
C:\Users\User\Desktop\ProjetJava\src\main\java\controllers\affichierCoursBackController.java
C:\Users\User\Desktop\ProjetJava\src\main\java\controllers\affichierCoursController.java
C:\Users\User\Desktop\ProjetJava\src\main\java\controllers\affichierQuestionController.java
C:\Users\User\Desktop\ProjetJava\src\main\java\controllers\affichierQuizController.java
C:\Users\User\Desktop\ProjetJava\src\main\java\controllers\Back\addCertificationController.java
C:\Users\User\Desktop\ProjetJava\src\main\java\controllers\Back\addCoursController.java
C:\Users\User\Desktop\ProjetJava\src\main\java\controllers\Back\addQuestionController.java
C:\Users\User\Desktop\ProjetJava\src\main\java\controllers\Back\addQuizController.java
C:\Users\User\Desktop\ProjetJava\src\main\java\controllers\Back\affichierCertificationController.java
C:\Users\User\Desktop\ProjetJava\src\main\java\controllers\Back\affichierCoursController.java
C:\Users\User\Desktop\ProjetJava\src\main\java\controllers\Back\affichierQuestionController.java
C:\Users\User\Desktop\ProjetJava\src\main\java\controllers\Back\affichierQuizController.java
C:\Users\User\Desktop\ProjetJava\src\main\java\controllers\Back\HomeBController.java
C:\Users\User\Desktop\ProjetJava\src\main\java\controllers\Back\modifierCertificationController.java
C:\Users\User\Desktop\ProjetJava\src\main\java\controllers\Back\ModifierCoursController.java
C:\Users\User\Desktop\ProjetJava\src\main\java\controllers\Back\modifierQuestionController.java
C:\Users\User\Desktop\ProjetJava\src\main\java\controllers\Back\modifierQuizController.java
C:\Users\User\Desktop\ProjetJava\src\main\java\controllers\BlogCoursController.java
C:\Users\User\Desktop\ProjetJava\src\main\java\controllers\BlogDetailsController.java
C:\Users\User\Desktop\ProjetJava\src\main\java\controllers\modifierCertificationController.java
C:\Users\User\Desktop\ProjetJava\src\main\java\controllers\ModifierCoursController.java
C:\Users\User\Desktop\ProjetJava\src\main\java\controllers\modifierQuestionController.java
C:\Users\User\Desktop\ProjetJava\src\main\java\controllers\modifierQuizController.java
C:\Users\User\Desktop\ProjetJava\src\main\java\controllers\NavbarController.java
C:\Users\User\Desktop\ProjetJava\src\main\java\interfaces\IService.java
C:\Users\User\Desktop\ProjetJava\src\main\java\models\Certification.java
C:\Users\User\Desktop\ProjetJava\src\main\java\models\Cours.java
C:\Users\User\Desktop\ProjetJava\src\main\java\models\Question.java
C:\Users\User\Desktop\ProjetJava\src\main\java\models\Quiz.java
C:\Users\User\Desktop\ProjetJava\src\main\java\org\example\Home.java
C:\Users\User\Desktop\ProjetJava\src\main\java\org\example\Main.java
C:\Users\User\Desktop\ProjetJava\src\main\java\services\CertificationService.java
C:\Users\User\Desktop\ProjetJava\src\main\java\services\CoursService.java
C:\Users\User\Desktop\ProjetJava\src\main\java\services\QuestionService.java
C:\Users\User\Desktop\ProjetJava\src\main\java\services\QuizService.java
C:\Users\User\Desktop\ProjetJava\src\main\java\utils\MyConnection.java
